// Jest Snapshot v1, https://goo.gl/fbAQLP

exports[`testing Counter Component test render 1`] = `
<DocumentFragment>
  <div>
    <button>
      Increment
    </button>
    <button>
      Decrement
    </button>
    <span
      data-testid="count"
    >
      0
    </span>
  </div>
</DocumentFragment>
`;
